k0psutin@k0psutin:~$ sudo docker run -it --name harjoite ubuntu:16.04 sh -c 'echo "Input website:"; read website; echo "Searching.."; sleep 1; curl http://$website;'
Input website:

Searching..
sh: 1: curl: not found
k0psutin@k0psutin:~$ sudo docker exec -it harjoite apt-get update
Get:1 http://archive.ubuntu.com/ubuntu xenial InRelease [247 kB]
Get:2 http://security.ubuntu.com/ubuntu xenial-security InRelease [109 kB]
....
Get:18 http://archive.ubuntu.com/ubuntu xenial-backports/universe amd64 Packages [8532 B]
Fetched 15.9 MB in 2s (5631 kB/s)
Reading package lists... Done
k0psutin@k0psutin:~$ sudo docker exec harjoite apt-get install -y curl wget
Reading package lists...
Building dependency tree...
Reading state information...
The following additional packages will be installed:
  ca-certificates krb5-locales libasn1-8-heimdal libcurl3-gnutls libffi6
....
148 added, 0 removed; done.
Running hooks in /etc/ca-certificates/update.d...
done.
k0psutin@k0psutin:~$ sudo docker exec -it harjoite bash
root@83d045609666:/# curl helsinki.fi
<!DOCTYPE HTML PUBLIC "-//IETF//DTD HTML 2.0//EN">
<html><head>
<title>301 Moved Permanently</title>
</head><body>
<h1>Moved Permanently</h1>
<p>The document has moved <a href="http://www.helsinki.fi/">here</a>.</p>
</body></html>
